1740598966.034489 [88]    python3: config: Domain/General/MulticastRecvNetworkInterfaceAddresses/#text: preferred {}
1740598966.034517 [88]    python3: config: Domain/General/Interfaces/NetworkInterface[@autodetermine]: false {0}
1740598966.034521 [88]    python3: config: Domain/General/Interfaces/NetworkInterface[@name]: ens5 {0}
1740598966.034523 [88]    python3: config: Domain/General/Interfaces/NetworkInterface[@address]:  {}
1740598966.034526 [88]    python3: config: Domain/General/Interfaces/NetworkInterface[@priority]: default {0}
1740598966.034529 [88]    python3: config: Domain/General/Interfaces/NetworkInterface[@prefer_multicast]: false {}
1740598966.034532 [88]    python3: config: Domain/General/Interfaces/NetworkInterface[@presence_required]: true {}
1740598966.034534 [88]    python3: config: Domain/General/Interfaces/NetworkInterface[@multicast]: false {0}
1740598966.034537 [88]    python3: config: Domain/General/ExternalNetworkAddress/#text: auto {}
1740598966.034539 [88]    python3: config: Domain/General/ExternalNetworkMask/#text: 0.0.0.0 {}
1740598966.034541 [88]    python3: config: Domain/General/AllowMulticast/#text: false {0}
1740598966.034544 [88]    python3: config: Domain/General/MulticastTimeToLive/#text: 32 {}
1740598966.034546 [88]    python3: config: Domain/General/DontRoute/#text: false {}
1740598966.034549 [88]    python3: config: Domain/General/Transport/#text: udp {}
1740598966.034551 [88]    python3: config: Domain/General/EnableMulticastLoopback/#text: true {}
1740598966.034554 [88]    python3: config: Domain/General/MaxMessageSize/#text: 14720 B {}
1740598966.034556 [88]    python3: config: Domain/General/MaxRexmitMessageSize/#text: 1456 B {}
1740598966.034558 [88]    python3: config: Domain/General/FragmentSize/#text: 1344 B {}
1740598966.034561 [88]    python3: config: Domain/General/RedundantNetworking/#text: false {}
1740598966.034563 [88]    python3: config: Domain/General/EntityAutoNaming/#text: empty {}
1740598966.034566 [88]    python3: config: Domain/General/EntityAutoNaming[@seed]: 4197123083 2210544487 572833778 1963648281 2959675662 1978721424 3730632483 317295299 {}
1740598966.034569 [88]    python3: config: Domain/Sizing/ReceiveBufferSize/#text: 1 MiB {}
1740598966.034572 [88]    python3: config: Domain/Sizing/ReceiveBufferChunkSize/#text: 128 KiB {}
1740598966.034574 [88]    python3: config: Domain/Compatibility/StandardsConformance/#text: lax {}
1740598966.034577 [88]    python3: config: Domain/Compatibility/ExplicitlyPublishQosSetToDefault/#text: false {}
1740598966.034579 [88]    python3: config: Domain/Compatibility/ManySocketsMode/#text: single {}
1740598966.034581 [88]    python3: config: Domain/Compatibility/AssumeRtiHasPmdEndpoints/#text: false {}
1740598966.034583 [88]    python3: config: Domain/Discovery/Tag/#text:  {}
1740598966.034586 [88]    python3: config: Domain/Discovery/ExternalDomainId/#text: 88 {}
1740598966.034588 [88]    python3: config: Domain/Discovery/DSGracePeriod/#text: 30 s {}
1740598966.034591 [88]    python3: config: Domain/Discovery/Peers/Peer[@Address]: 172.31.16.139 {0}
1740598966.034594 [88]    python3: config: Domain/Discovery/Peers/Peer[@Address]: 172.31.18.213 {0}
1740598966.034596 [88]    python3: config: Domain/Discovery/ParticipantIndex/#text: auto {0}
1740598966.034599 [88]    python3: config: Domain/Discovery/MaxAutoParticipantIndex/#text: 1000 {0}
1740598966.034601 [88]    python3: config: Domain/Discovery/SPDPMulticastAddress/#text: 239.255.0.1 {}
1740598966.034603 [88]    python3: config: Domain/Discovery/SPDPInterval/#text: 30 s {}
1740598966.034606 [88]    python3: config: Domain/Discovery/DefaultMulticastAddress/#text: auto {}
1740598966.034608 [88]    python3: config: Domain/Discovery/Ports/Base/#text: 7400 {}
1740598966.034611 [88]    python3: config: Domain/Discovery/Ports/DomainGain/#text: 250 {}
1740598966.034613 [88]    python3: config: Domain/Discovery/Ports/ParticipantGain/#text: 2 {}
1740598966.034615 [88]    python3: config: Domain/Discovery/Ports/MulticastMetaOffset/#text: 0 {}
1740598966.034618 [88]    python3: config: Domain/Discovery/Ports/UnicastMetaOffset/#text: 10 {}
1740598966.034624 [88]    python3: config: Domain/Discovery/Ports/MulticastDataOffset/#text: 1 {}
1740598966.034627 [88]    python3: config: Domain/Discovery/Ports/UnicastDataOffset/#text: 11 {}
1740598966.034629 [88]    python3: config: Domain/Discovery/EnableTopicDiscoveryEndpoints/#text: false {}
1740598966.034631 [88]    python3: config: Domain/Discovery/LeaseDuration/#text: 10 s {}
1740598966.034638 [88]    python3: config: Domain/Tracing/Category/#text: fatal,error,warning,info,config {0}
1740598966.034641 [88]    python3: config: Domain/Tracing/OutputFile/#text: /root/workspace/cyclonelog.log {0}
1740598966.034643 [88]    python3: config: Domain/Tracing/AppendToFile/#text: false {}
1740598966.034645 [88]    python3: config: Domain/Tracing/PacketCaptureFile/#text:  {}
1740598966.034648 [88]    python3: config: Domain/Internal/DeliveryQueueMaxSamples/#text: 256 {}
1740598966.034650 [88]    python3: config: Domain/Internal/PrimaryReorderMaxSamples/#text: 128 {}
1740598966.034653 [88]    python3: config: Domain/Internal/SecondaryReorderMaxSamples/#text: 128 {}
1740598966.034655 [88]    python3: config: Domain/Internal/DefragUnreliableMaxSamples/#text: 4 {}
1740598966.034657 [88]    python3: config: Domain/Internal/DefragReliableMaxSamples/#text: 16 {}
1740598966.034659 [88]    python3: config: Domain/Internal/BuiltinEndpointSet/#text: writers {}
1740598966.034662 [88]    python3: config: Domain/Internal/MeasureHbToAckLatency/#text: false {}
1740598966.034664 [88]    python3: config: Domain/Internal/UnicastResponseToSPDPMessages/#text: true {}
1740598966.034666 [88]    python3: config: Domain/Internal/SynchronousDeliveryPriorityThreshold/#text: 0 {}
1740598966.034669 [88]    python3: config: Domain/Internal/SynchronousDeliveryLatencyBound/#text: inf {}
1740598966.034671 [88]    python3: config: Domain/Internal/MaxParticipants/#text: 0 {}
1740598966.034673 [88]    python3: config: Domain/Internal/AccelerateRexmitBlockSize/#text: 0 {}
1740598966.034675 [88]    python3: config: Domain/Internal/RetransmitMerging/#text: never {}
1740598966.034678 [88]    python3: config: Domain/Internal/RetransmitMergingPeriod/#text: 5 ms {}
1740598966.034680 [88]    python3: config: Domain/Internal/HeartbeatInterval/#text: 100 ms {}
1740598966.034682 [88]    python3: config: Domain/Internal/HeartbeatInterval[@min]: 5 ms {}
1740598966.034685 [88]    python3: config: Domain/Internal/HeartbeatInterval[@minsched]: 20 ms {}
1740598966.034687 [88]    python3: config: Domain/Internal/HeartbeatInterval[@max]: 8 s {}
1740598966.034689 [88]    python3: config: Domain/Internal/MaxQueuedRexmitBytes/#text: 512 KiB {}
1740598966.034692 [88]    python3: config: Domain/Internal/MaxQueuedRexmitMessages/#text: 200 {}
1740598966.034694 [88]    python3: config: Domain/Internal/WriterLingerDuration/#text: 1 s {}
1740598966.034696 [88]    python3: config: Domain/Internal/SocketReceiveBufferSize[@min]: default {}
1740598966.034699 [88]    python3: config: Domain/Internal/SocketReceiveBufferSize[@max]: default {}
1740598966.034701 [88]    python3: config: Domain/Internal/SocketSendBufferSize[@min]: 64 KiB {}
1740598966.034703 [88]    python3: config: Domain/Internal/SocketSendBufferSize[@max]: default {}
1740598966.034706 [88]    python3: config: Domain/Internal/NackDelay/#text: 100 ms {}
1740598966.034708 [88]    python3: config: Domain/Internal/AckDelay/#text: 10 ms {}
1740598966.034711 [88]    python3: config: Domain/Internal/AutoReschedNackDelay/#text: 3 s {}
1740598966.034713 [88]    python3: config: Domain/Internal/PreEmptiveAckDelay/#text: 10 ms {}
1740598966.034715 [88]    python3: config: Domain/Internal/ScheduleTimeRounding/#text: 0 s {}
1740598966.034717 [88]    python3: config: Domain/Internal/DDSI2DirectMaxThreads/#text: 1 {}
1740598966.034720 [88]    python3: config: Domain/Internal/SquashParticipants/#text: false {}
1740598966.034722 [88]    python3: config: Domain/Internal/SPDPResponseMaxDelay/#text: 0 s {}
1740598966.034724 [88]    python3: config: Domain/Internal/LateAckMode/#text: false {}
1740598966.034729 [88]    python3: config: Domain/Internal/RetryOnRejectBestEffort/#text: false {}
1740598966.034731 [88]    python3: config: Domain/Internal/GenerateKeyhash/#text: false {}
1740598966.034733 [88]    python3: config: Domain/Internal/MaxSampleSize/#text: 2147483647 B {}
1740598966.034736 [88]    python3: config: Domain/Internal/LivelinessMonitoring/#text: false {}
1740598966.034738 [88]    python3: config: Domain/Internal/LivelinessMonitoring[@StackTraces]: true {}
1740598966.034740 [88]    python3: config: Domain/Internal/LivelinessMonitoring[@Interval]: 1 s {}
1740598966.034743 [88]    python3: config: Domain/Internal/MonitorPort/#text: -1 {}
1740598966.034745 [88]    python3: config: Domain/Internal/PrioritizeRetransmit/#text: true {}
1740598966.034747 [88]    python3: config: Domain/Internal/UseMulticastIfMreqn/#text: 0 {}
1740598966.034749 [88]    python3: config: Domain/Internal/RediscoveryBlacklistDuration/#text: 0 s {}
1740598966.034752 [88]    python3: config: Domain/Internal/RediscoveryBlacklistDuration[@enforce]: false {}
1740598966.034754 [88]    python3: config: Domain/Internal/MultipleReceiveThreads/#text: default {}
1740598966.034757 [88]    python3: config: Domain/Internal/MultipleReceiveThreads[@maxretries]: 4294967295 {}
1740598966.034759 [88]    python3: config: Domain/Internal/Test/XmitLossiness/#text: 0 {}
1740598966.034762 [88]    python3: config: Domain/Internal/Watermarks/WhcLow/#text: 1 KiB {}
1740598966.034765 [88]    python3: config: Domain/Internal/Watermarks/WhcHigh/#text: 500 KiB {}
1740598966.034768 [88]    python3: config: Domain/Internal/Watermarks/WhcHighInit/#text: 30 KiB {}
1740598966.034770 [88]    python3: config: Domain/Internal/Watermarks/WhcAdaptive/#text: true {}
1740598966.034773 [88]    python3: config: Domain/Internal/BurstSize/MaxRexmit/#text: 1 MiB {}
1740598966.034775 [88]    python3: config: Domain/Internal/BurstSize/MaxInitTransmit/#text: 4294967295 {}
1740598966.034777 [88]    python3: config: Domain/Internal/EnableExpensiveChecks/#text:  {}
1740598966.034780 [88]    python3: config: Domain/TCP/NoDelay/#text: true {}
1740598966.034782 [88]    python3: config: Domain/TCP/Port/#text: -1 {}
1740598966.034785 [88]    python3: config: Domain/TCP/ReadTimeout/#text: 2 s {}
1740598966.034787 [88]    python3: config: Domain/TCP/WriteTimeout/#text: 2 s {}
1740598966.034789 [88]    python3: config: Domain/TCP/AlwaysUsePeeraddrForUnicast/#text: false {}
1740598966.034792 [88]    python3: config: Domain/SSL/Enable/#text: false {}
1740598966.034794 [88]    python3: config: Domain/SSL/CertificateVerification/#text: true {}
1740598966.034796 [88]    python3: config: Domain/SSL/VerifyClient/#text: true {}
1740598966.034798 [88]    python3: config: Domain/SSL/SelfSignedCertificates/#text: false {}
1740598966.034800 [88]    python3: config: Domain/SSL/KeystoreFile/#text: keystore {}
1740598966.034803 [88]    python3: config: Domain/SSL/KeyPassphrase/#text: secret {}
1740598966.034805 [88]    python3: config: Domain/SSL/Ciphers/#text: ALL:!ADH:!LOW:!EXP:!MD5:@STRENGTH {}
1740598966.034807 [88]    python3: config: Domain/SSL/EntropyFile/#text:  {}
1740598966.034810 [88]    python3: config: Domain/SSL/MinimumTLSVersion/#text: 1.3 {}
1740598966.034812 [88]    python3: config: Domain/SharedMemory/Enable/#text: false {}
1740598966.034814 [88]    python3: config: Domain/SharedMemory/Locator/#text:  {}
1740598966.034817 [88]    python3: config: Domain/SharedMemory/Prefix/#text: DDS_CYCLONE {}
1740598966.034819 [88]    python3: config: Domain/SharedMemory/LogLevel/#text: info {}
1740598966.034821 [88]    python3: config: Domain[@Id]: 88 {}
1740598966.034840 [88]    python3: started at 1740598966.0634826 -- 2025-02-26 19:42:46+00:00
1740598966.034843 [88]    python3: udp initialized
1740598966.035185 [88]    python3: interfaces: lo udp/127.0.0.1(q1) ens5 udp/172.31.16.139(q9) docker0 udp/172.17.0.1(q9) br-8145b0ff57b8 udp/172.18.0.1(q9)
1740598966.035201 [88]    python3: disabling multicast on interface ens5.selected interfaces: ens5 (index 2 priority 0)
1740598966.035214 [88]    python3: ownip: udp/172.31.16.139
1740598966.035222 [88]    python3: extmask: invalid/0 (not applicable)
1740598966.035224 [88]    python3: SPDP MC: udp/239.255.0.1
1740598966.035226 [88]    python3: default MC: udp/239.255.0.1
1740598966.035228 [88]    python3: SSM support included
1740598966.035333 [88]    python3: rtps_init: trying to find a free participant index
1740598966.035348 [88]    python3: socket receive buffer size set to 2097152 bytes
1740598966.035367 [88]    python3: socket receive buffer size set to 2097152 bytes
1740598966.035374 [88]    python3: socket receive buffer size set to 2097152 bytes
1740598966.035382 [88]    python3: socket receive buffer size set to 2097152 bytes
1740598966.035389 [88]    python3: socket receive buffer size set to 2097152 bytes
1740598966.035396 [88]    python3: socket receive buffer size set to 2097152 bytes
1740598966.035403 [88]    python3: socket receive buffer size set to 2097152 bytes
1740598966.035409 [88]    python3: socket receive buffer size set to 2097152 bytes
1740598966.035416 [88]    python3: socket receive buffer size set to 2097152 bytes
1740598966.035423 [88]    python3: socket receive buffer size set to 2097152 bytes
1740598966.035430 [88]    python3: socket receive buffer size set to 2097152 bytes
1740598966.035437 [88]    python3: socket receive buffer size set to 2097152 bytes
1740598966.035443 [88]    python3: socket receive buffer size set to 2097152 bytes
1740598966.035450 [88]    python3: socket receive buffer size set to 2097152 bytes
1740598966.035457 [88]    python3: socket receive buffer size set to 2097152 bytes
1740598966.035464 [88]    python3: socket receive buffer size set to 2097152 bytes
1740598966.035471 [88]    python3: socket receive buffer size set to 2097152 bytes
1740598966.035478 [88]    python3: socket receive buffer size set to 2097152 bytes
1740598966.035484 [88]    python3: socket receive buffer size set to 2097152 bytes
1740598966.035491 [88]    python3: socket receive buffer size set to 2097152 bytes
1740598966.035498 [88]    python3: socket receive buffer size set to 2097152 bytes
1740598966.035505 [88]    python3: socket receive buffer size set to 2097152 bytes
1740598966.035511 [88]    python3: socket receive buffer size set to 2097152 bytes
1740598966.035518 [88]    python3: socket receive buffer size set to 2097152 bytes
1740598966.035525 [88]    python3: socket receive buffer size set to 2097152 bytes
1740598966.035531 [88]    python3: socket receive buffer size set to 2097152 bytes
1740598966.035538 [88]    python3: socket receive buffer size set to 2097152 bytes
1740598966.035545 [88]    python3: socket receive buffer size set to 2097152 bytes
1740598966.035551 [88]    python3: socket receive buffer size set to 2097152 bytes
1740598966.035558 [88]    python3: socket receive buffer size set to 2097152 bytes
1740598966.035565 [88]    python3: socket receive buffer size set to 2097152 bytes
1740598966.035572 [88]    python3: socket receive buffer size set to 2097152 bytes
1740598966.035578 [88]    python3: socket receive buffer size set to 2097152 bytes
1740598966.035585 [88]    python3: socket receive buffer size set to 2097152 bytes
1740598966.035592 [88]    python3: socket receive buffer size set to 2097152 bytes
1740598966.035599 [88]    python3: socket receive buffer size set to 2097152 bytes
1740598966.035606 [88]    python3: socket receive buffer size set to 2097152 bytes
1740598966.035612 [88]    python3: socket receive buffer size set to 2097152 bytes
1740598966.035619 [88]    python3: socket receive buffer size set to 2097152 bytes
1740598966.035626 [88]    python3: socket receive buffer size set to 2097152 bytes
1740598966.035633 [88]    python3: socket receive buffer size set to 2097152 bytes
1740598966.035639 [88]    python3: socket receive buffer size set to 2097152 bytes
1740598966.035646 [88]    python3: socket receive buffer size set to 2097152 bytes
1740598966.035652 [88]    python3: socket receive buffer size set to 2097152 bytes
1740598966.035659 [88]    python3: socket receive buffer size set to 2097152 bytes
1740598966.035669 [88]    python3: socket receive buffer size set to 2097152 bytes
1740598966.035676 [88]    python3: socket receive buffer size set to 2097152 bytes
1740598966.035683 [88]    python3: socket receive buffer size set to 2097152 bytes
1740598966.035689 [88]    python3: socket receive buffer size set to 2097152 bytes
1740598966.035696 [88]    python3: socket receive buffer size set to 2097152 bytes
1740598966.035703 [88]    python3: socket receive buffer size set to 2097152 bytes
1740598966.035709 [88]    python3: socket receive buffer size set to 2097152 bytes
1740598966.035716 [88]    python3: socket receive buffer size set to 2097152 bytes
1740598966.035722 [88]    python3: socket receive buffer size set to 2097152 bytes
1740598966.035729 [88]    python3: socket receive buffer size set to 2097152 bytes
1740598966.035736 [88]    python3: socket receive buffer size set to 2097152 bytes
1740598966.035743 [88]    python3: socket receive buffer size set to 2097152 bytes
1740598966.035749 [88]    python3: socket receive buffer size set to 2097152 bytes
1740598966.035756 [88]    python3: socket receive buffer size set to 2097152 bytes
1740598966.035765 [88]    python3: socket receive buffer size set to 2097152 bytes
1740598966.035769 [88]    python3: rtps_init: uc ports: disc 29526 data 29527
1740598966.035771 [88]    python3: rtps_init: domainid 88 participantid 59
1740598966.035773 [88]    python3: Unicast Ports: discovery 29526 data 29527
1740598966.035778 [88]    python3: socket receive buffer size set to 2097152 bytes
1740598966.035784 [88]    python3: interface ens5: transmit port 54054
1740598966.036100 [88]    python3: add_peer_addresses: add udp/172.31.16.139:29410, :29412, :29414, :29416, :29418, :29420, :29422, :29424, :29426, :29428, :29430, :29432, :29434, :29436, :29438, :29440, :29442, :29444, :29446, :29448, :29450, :29452, :29454, :29456, :29458, :29460, :29462, :29464, :29466, :29468, :29470, :29472, :29474, :29476, :29478, :29480, :29482, :29484, :29486, :29488, :29490, :29492, :29494, :29496, :29498, :29500, :29502, :29504, :29506, :29508, :29510, :29512, :29514, :29516, :29518, :29520, :29522, :29524, :29526, :29528, :29530, :29532, :29534, :29536, :29538, :29540, :29542, :29544, :29546, :29548, :29550, :29552, :29554, :29556, :29558, :29560, :29562, :29564, :29566, :29568, :29570, :29572, :29574, :29576, :29578, :29580, :29582, :29584, :29586, :29588, :29590, :29592, :29594, :29596, :29598, :29600, :29602, :29604, :29606, :29608, :29610, :29612, :29614, :29616, :29618, :29620, :29622, :29624, :29626, :29628, :29630, :29632, :29634, :29636, :29638, :29640, :29642, :29644, :29646, :29648, :29650, :29652, :29654, :29656, :29658, :29660, :29662, :29664, :29666, :29668, :29670, :29672, :29674, :29676, :29678, :29680, :29682, :29684, :29686, :29688, :29690, :29692, :29694, :29696, :29698, :29700, :29702, :29704, :29706, :29708, :29710, :29712, :29714, :29716, :29718, :29720, :29722, :29724, :29726, :29728, :29730, :29732, :29734, :29736, :29738, :29740, :29742, :29744, :29746, :29748, :29750, :29752, :29754, :29756, :29758, :29760, :29762, :29764, :29766, :29768, :29770, :29772, :29774, :29776, :29778, :29780, :29782, :29784, :29786, :29788, :29790, :29792, :29794, :29796, :29798, :29800, :29802, :29804, :29806, :29808, :29810, :29812, :29814, :29816, :29818, :29820, :29822, :29824, :29826, :29828, :29830, :29832, :29834, :29836, :29838, :29840, :29842, :29844, :29846, :29848, :29850, :29852, :29854, :29856, :29858, :29860, :29862, :29864, :29866, :29868, :29870, :29872, :29874, :29876, :29878, :29880, :29882, :29884, :29886, :29888, :29890, :29892, :29894, :29896, :298(trunc)
1740598966.036409 [88]    python3: add_peer_addresses: add udp/172.31.18.213:29410, :29412, :29414, :29416, :29418, :29420, :29422, :29424, :29426, :29428, :29430, :29432, :29434, :29436, :29438, :29440, :29442, :29444, :29446, :29448, :29450, :29452, :29454, :29456, :29458, :29460, :29462, :29464, :29466, :29468, :29470, :29472, :29474, :29476, :29478, :29480, :29482, :29484, :29486, :29488, :29490, :29492, :29494, :29496, :29498, :29500, :29502, :29504, :29506, :29508, :29510, :29512, :29514, :29516, :29518, :29520, :29522, :29524, :29526, :29528, :29530, :29532, :29534, :29536, :29538, :29540, :29542, :29544, :29546, :29548, :29550, :29552, :29554, :29556, :29558, :29560, :29562, :29564, :29566, :29568, :29570, :29572, :29574, :29576, :29578, :29580, :29582, :29584, :29586, :29588, :29590, :29592, :29594, :29596, :29598, :29600, :29602, :29604, :29606, :29608, :29610, :29612, :29614, :29616, :29618, :29620, :29622, :29624, :29626, :29628, :29630, :29632, :29634, :29636, :29638, :29640, :29642, :29644, :29646, :29648, :29650, :29652, :29654, :29656, :29658, :29660, :29662, :29664, :29666, :29668, :29670, :29672, :29674, :29676, :29678, :29680, :29682, :29684, :29686, :29688, :29690, :29692, :29694, :29696, :29698, :29700, :29702, :29704, :29706, :29708, :29710, :29712, :29714, :29716, :29718, :29720, :29722, :29724, :29726, :29728, :29730, :29732, :29734, :29736, :29738, :29740, :29742, :29744, :29746, :29748, :29750, :29752, :29754, :29756, :29758, :29760, :29762, :29764, :29766, :29768, :29770, :29772, :29774, :29776, :29778, :29780, :29782, :29784, :29786, :29788, :29790, :29792, :29794, :29796, :29798, :29800, :29802, :29804, :29806, :29808, :29810, :29812, :29814, :29816, :29818, :29820, :29822, :29824, :29826, :29828, :29830, :29832, :29834, :29836, :29838, :29840, :29842, :29844, :29846, :29848, :29850, :29852, :29854, :29856, :29858, :29860, :29862, :29864, :29866, :29868, :29870, :29872, :29874, :29876, :29878, :29880, :29882, :29884, :29886, :29888, :29890, :29892, :29894, :29896, :298(trunc)
